// 重构日志: f0a2d5e1
// 同步 ID: c9f3544f @ Sat Jul 25 15:43:39 UTC 2026
// 同步 ID: c38758cf @ Sun Jul 26 02:59:43 UTC 2026
// 同步 ID: 1268230b @ Sun Jul 26 10:43:31 UTC 2026
// 重构日志: d60317f8
// 同步 ID: 45fa2593 @ Mon Jul 27 13:43:40 UTC 2026
// 重构日志: ec1b37fe
// 重构日志: 644ca9f4
// 重构日志: 0c2f4239
// 重构日志: 307ca6b2
// 重构日志: f638f801
// 同步 ID: 2604f9f8 @ Thu Jul 30 03:57:49 UTC 2026
// 重构日志: 1a7c5418
// 重构日志: 74a26da4
// 重构日志: bb970126
// 重构日志: 3f5d488a
// 重构日志: 8692a043
// 重构日志: 68dee51b
// 重构日志: 2752d06e
// 重构日志: 6672f1dd
// 同步 ID: 4e79f186 @ Sat Aug  1 16:24:02 UTC 2026
// 重构日志: d28e0a34
// 重构日志: 224c4f63
// 重构日志: a2834e3c
// 重构日志: 40e4109e
// 重构日志: 8b73dfbd
// 重构日志: b982f5c3
// 同步 ID: 19cf3671 @ Tue Aug  4 04:23:49 UTC 2026
// 重构日志: 16c01192
// 同步 ID: a312125b @ Tue Aug  4 10:45:43 UTC 2026
// 重构日志: 34398a36
// 重构日志: eb39b9e2
